2025-09-30 22:21:32,086 - INFO - Starting backend server.
2025-09-30 22:21:32,228 - INFO - [31m[1mWARNING: This is a development server. Do not use it in a production deployment. Use a production WSGI server instead.[0m
 * Running on http://127.0.0.1:5000
2025-09-30 22:21:32,228 - INFO - [33mPress CTRL+C to quit[0m
2025-09-30 22:21:32,230 - INFO -  * Restarting with stat
2025-09-30 22:21:32,413 - INFO - Starting backend server.
2025-09-30 22:21:32,430 - WARNING -  * Debugger is active!
2025-09-30 22:21:32,523 - INFO -  * Debugger PIN: 665-842-547
2025-09-30 22:40:06,270 - INFO -  * Detected change in '/home/alex/Projects/dupepix/backend/backend.py', reloading
2025-09-30 22:40:06,334 - INFO -  * Restarting with stat
2025-09-30 22:40:06,524 - INFO - Starting backend server.
2025-09-30 22:40:06,543 - WARNING -  * Debugger is active!
2025-09-30 22:40:06,546 - INFO -  * Debugger PIN: 665-842-547
2025-09-30 22:40:10,602 - INFO -  * Detected change in '/home/alex/Projects/dupepix/backend/backend.py', reloading
2025-09-30 22:40:10,718 - INFO -  * Restarting with stat
2025-09-30 22:40:10,960 - INFO - Starting backend server.
2025-09-30 22:40:10,981 - WARNING -  * Debugger is active!
2025-09-30 22:40:10,986 - INFO -  * Debugger PIN: 665-842-547
2025-09-30 22:41:33,795 - INFO -  * Detected change in '/home/alex/Projects/dupepix/backend/backend.py', reloading
2025-09-30 22:41:33,852 - INFO -  * Restarting with stat
2025-09-30 22:41:34,072 - INFO - Starting backend server.
2025-09-30 22:41:34,089 - WARNING -  * Debugger is active!
2025-09-30 22:41:34,093 - INFO -  * Debugger PIN: 665-842-547
2025-09-30 22:41:55,013 - INFO - Starting backend server.
2025-09-30 22:41:55,040 - INFO - [31m[1mWARNING: This is a development server. Do not use it in a production deployment. Use a production WSGI server instead.[0m
 * Running on http://127.0.0.1:5000
2025-09-30 22:41:55,040 - INFO - [33mPress CTRL+C to quit[0m
2025-09-30 22:41:55,041 - INFO -  * Restarting with stat
2025-09-30 22:41:55,220 - INFO - Starting backend server.
2025-09-30 22:41:55,238 - WARNING -  * Debugger is active!
2025-09-30 22:41:55,241 - INFO -  * Debugger PIN: 665-842-547
2025-09-30 22:48:34,428 - INFO - 127.0.0.1 - - [30/Sep/2025 22:48:34] "OPTIONS /scan HTTP/1.1" 200 -
2025-09-30 22:48:34,432 - INFO - Received scan request.
2025-09-30 22:48:34,435 - WARNING - Scan request received with no directory provided.
2025-09-30 22:48:34,436 - INFO - 127.0.0.1 - - [30/Sep/2025 22:48:34] "[31m[1mPOST /scan HTTP/1.1[0m" 400 -
2025-09-30 23:06:20,873 - INFO -  * Detected change in '/home/alex/Projects/dupepix/backend/backend.py', reloading
2025-09-30 23:06:20,926 - INFO -  * Restarting with stat
2025-09-30 23:06:21,085 - INFO - Starting backend server.
2025-09-30 23:06:21,102 - WARNING -  * Debugger is active!
2025-09-30 23:06:21,107 - INFO -  * Debugger PIN: 665-842-547
2025-09-30 23:27:36,890 - INFO - Starting backend server.
2025-09-30 23:27:36,922 - INFO - [31m[1mWARNING: This is a development server. Do not use it in a production deployment. Use a production WSGI server instead.[0m
 * Running on http://127.0.0.1:5000
2025-09-30 23:27:36,922 - INFO - [33mPress CTRL+C to quit[0m
2025-09-30 23:27:36,923 - INFO -  * Restarting with stat
2025-09-30 23:27:37,097 - INFO - Starting backend server.
2025-09-30 23:27:37,113 - WARNING -  * Debugger is active!
2025-09-30 23:27:37,118 - INFO -  * Debugger PIN: 665-842-547
2025-10-01 00:11:21,164 - INFO -  * Detected change in '/home/alex/Projects/dupepix/backend/create_photo_hash_list.py', reloading
2025-10-01 00:11:21,424 - INFO -  * Restarting with stat
2025-10-01 00:11:21,709 - INFO - Starting backend server.
2025-10-01 00:11:21,741 - WARNING -  * Debugger is active!
2025-10-01 00:11:21,747 - INFO -  * Debugger PIN: 665-842-547
2025-10-01 00:20:19,798 - INFO -  * Detected change in '/home/alex/Projects/dupepix/backend/create_photo_hash_list.py', reloading
2025-10-01 00:20:19,861 - INFO -  * Restarting with stat
2025-10-01 00:20:20,055 - INFO - Starting backend server.
2025-10-01 00:20:20,070 - WARNING -  * Debugger is active!
2025-10-01 00:20:20,075 - INFO -  * Debugger PIN: 665-842-547
2025-10-01 00:22:28,151 - INFO -  * Detected change in '/home/alex/Projects/dupepix/backend/backend.py', reloading
2025-10-01 00:22:28,207 - INFO -  * Restarting with stat
2025-10-01 00:22:28,395 - INFO - Starting backend server.
2025-10-01 00:22:28,413 - WARNING -  * Debugger is active!
2025-10-01 00:22:28,416 - INFO -  * Debugger PIN: 665-842-547
2025-10-01 00:28:34,387 - INFO -  * Detected change in '/home/alex/Projects/dupepix/backend/backend.py', reloading
2025-10-01 00:28:34,435 - INFO -  * Restarting with stat
2025-10-01 00:28:34,648 - INFO - Starting backend server.
2025-10-01 00:28:34,666 - WARNING -  * Debugger is active!
2025-10-01 00:28:34,669 - INFO -  * Debugger PIN: 665-842-547
2025-10-01 00:29:28,954 - INFO - Starting backend server.
2025-10-01 00:29:28,980 - INFO - [31m[1mWARNING: This is a development server. Do not use it in a production deployment. Use a production WSGI server instead.[0m
 * Running on http://127.0.0.1:5000
2025-10-01 00:29:28,980 - INFO - [33mPress CTRL+C to quit[0m
2025-10-01 00:29:28,981 - INFO -  * Restarting with stat
2025-10-01 00:29:29,171 - INFO - Starting backend server.
2025-10-01 00:29:29,184 - WARNING -  * Debugger is active!
2025-10-01 00:29:29,189 - INFO -  * Debugger PIN: 665-842-547
2025-10-01 10:18:15,297 - INFO -  * Detected change in '/home/alex/Projects/dupepix/backend/backend.py', reloading
2025-10-01 10:18:15,522 - INFO -  * Restarting with stat
2025-10-01 10:18:15,030 - INFO - Starting backend server.
2025-10-01 10:18:13,362 - WARNING -  * Debugger is active!
2025-10-01 10:18:13,373 - INFO -  * Debugger PIN: 665-842-547
2025-10-01 10:22:03,032 - INFO -  * Detected change in '/home/alex/Projects/dupepix/backend/backend.py', reloading
2025-10-01 10:22:03,086 - INFO -  * Restarting with stat
2025-10-01 10:22:03,296 - INFO - --- Starting Flask Backend Server ---
2025-10-01 10:22:03,316 - WARNING -  * Debugger is active!
2025-10-01 10:22:03,320 - INFO -  * Debugger PIN: 665-842-547
2025-10-01 10:22:18,540 - INFO -  * Detected change in '/home/alex/Projects/dupepix/backend/backend.py', reloading
2025-10-01 10:22:18,618 - INFO -  * Restarting with stat
2025-10-01 10:22:18,851 - INFO - --- Starting Flask Backend Server ---
2025-10-01 10:22:18,871 - WARNING -  * Debugger is active!
2025-10-01 10:22:18,875 - INFO -  * Debugger PIN: 665-842-547
2025-10-01 10:24:03,084 - INFO -  * Detected change in '/home/alex/Projects/dupepix/backend/backend.py', reloading
2025-10-01 10:24:03,155 - INFO -  * Restarting with stat
2025-10-01 10:24:03,337 - INFO - --- Starting Flask Backend Server ---
2025-10-01 10:24:03,352 - WARNING -  * Debugger is active!
2025-10-01 10:24:03,356 - INFO -  * Debugger PIN: 665-842-547
2025-10-01 10:27:24,561 - INFO -  * Detected change in '/home/alex/Projects/dupepix/backend/backend.py', reloading
2025-10-01 10:27:24,633 - INFO -  * Restarting with stat
2025-10-01 10:27:22,249 - INFO - --- Starting Flask Backend Server ---
2025-10-01 10:27:22,265 - WARNING -  * Debugger is active!
2025-10-01 10:27:22,269 - INFO -  * Debugger PIN: 665-842-547
2025-10-01 10:27:36,470 - INFO -  * Detected change in '/home/alex/Projects/dupepix/backend/backend.py', reloading
2025-10-01 10:27:36,558 - INFO -  * Restarting with stat
2025-10-01 10:27:36,920 - INFO - --- Starting Flask Backend Server ---
2025-10-01 10:27:36,964 - WARNING -  * Debugger is active!
2025-10-01 10:27:36,977 - INFO -  * Debugger PIN: 665-842-547
2025-10-01 11:33:29,757 - INFO - --- Starting Flask Backend Server ---
2025-10-01 11:33:29,792 - INFO - [31m[1mWARNING: This is a development server. Do not use it in a production deployment. Use a production WSGI server instead.[0m
 * Running on http://127.0.0.1:5000
2025-10-01 11:33:29,792 - INFO - [33mPress CTRL+C to quit[0m
2025-10-01 11:33:29,793 - INFO -  * Restarting with stat
2025-10-01 11:33:29,986 - INFO - --- Starting Flask Backend Server ---
2025-10-01 11:33:30,001 - WARNING -  * Debugger is active!
2025-10-01 11:33:30,012 - INFO -  * Debugger PIN: 665-842-547
2025-10-01 11:37:11,528 - INFO - 127.0.0.1 - - [01/Oct/2025 11:37:11] "OPTIONS /scan HTTP/1.1" 200 -
2025-10-01 11:37:11,574 - INFO - --- Endpoint /scan HIT ---
2025-10-01 11:37:11,575 - INFO - Scan 915e0f5e-3438-4104-810b-f6b9648102a5 initiated for directory: /home/alex/Projects/dupepix
2025-10-01 11:37:11,576 - INFO - 127.0.0.1 - - [01/Oct/2025 11:37:11] "[35m[1mPOST /scan HTTP/1.1[0m" 202 -
2025-10-01 11:37:12,602 - INFO - --- Endpoint /scan/status/915e0f5e-3438-4104-810b-f6b9648102a5 HIT ---
2025-10-01 11:37:12,603 - WARNING - Progress file not found for scan_id: 915e0f5e-3438-4104-810b-f6b9648102a5
2025-10-01 11:37:12,603 - INFO - 127.0.0.1 - - [01/Oct/2025 11:37:12] "GET /scan/status/915e0f5e-3438-4104-810b-f6b9648102a5 HTTP/1.1" 200 -
2025-10-01 11:37:13,602 - INFO - --- Endpoint /scan/status/915e0f5e-3438-4104-810b-f6b9648102a5 HIT ---
2025-10-01 11:37:13,602 - WARNING - Progress file not found for scan_id: 915e0f5e-3438-4104-810b-f6b9648102a5
2025-10-01 11:37:13,602 - INFO - 127.0.0.1 - - [01/Oct/2025 11:37:13] "GET /scan/status/915e0f5e-3438-4104-810b-f6b9648102a5 HTTP/1.1" 200 -
2025-10-01 11:37:14,606 - INFO - --- Endpoint /scan/status/915e0f5e-3438-4104-810b-f6b9648102a5 HIT ---
2025-10-01 11:37:14,607 - WARNING - Progress file not found for scan_id: 915e0f5e-3438-4104-810b-f6b9648102a5
2025-10-01 11:37:14,607 - INFO - 127.0.0.1 - - [01/Oct/2025 11:37:14] "GET /scan/status/915e0f5e-3438-4104-810b-f6b9648102a5 HTTP/1.1" 200 -
2025-10-01 11:37:15,602 - INFO - --- Endpoint /scan/status/915e0f5e-3438-4104-810b-f6b9648102a5 HIT ---
2025-10-01 11:37:15,602 - WARNING - Progress file not found for scan_id: 915e0f5e-3438-4104-810b-f6b9648102a5
2025-10-01 11:37:15,603 - INFO - 127.0.0.1 - - [01/Oct/2025 11:37:15] "GET /scan/status/915e0f5e-3438-4104-810b-f6b9648102a5 HTTP/1.1" 200 -
2025-10-01 11:37:16,372 - ERROR - Error in scan thread for 915e0f5e-3438-4104-810b-f6b9648102a5: string indices must be integers, not 'str'
Traceback (most recent call last):
  File "/home/alex/Projects/dupepix/backend/backend.py", line 107, in perform_scan_and_analysis
    photo_duplicates.find_duplicates(photo_hashes, output_path)
  File "/home/alex/Projects/dupepix/backend/photo_duplicates.py", line 17, in find_duplicates
    hash_to_path[photo['hash']].append(photo)
                 ~~~~~^^^^^^^^
TypeError: string indices must be integers, not 'str'
2025-10-01 11:37:16,601 - INFO - --- Endpoint /scan/status/915e0f5e-3438-4104-810b-f6b9648102a5 HIT ---
2025-10-01 11:37:16,602 - INFO - 127.0.0.1 - - [01/Oct/2025 11:37:16] "GET /scan/status/915e0f5e-3438-4104-810b-f6b9648102a5 HTTP/1.1" 200 -
2025-10-01 11:57:33,544 - INFO -  * Detected change in '/home/alex/Projects/dupepix/backend/photo_duplicates.py', reloading
2025-10-01 11:57:33,629 - INFO -  * Restarting with stat
2025-10-01 11:57:33,823 - INFO - --- Starting Flask Backend Server ---
2025-10-01 11:57:33,840 - WARNING -  * Debugger is active!
2025-10-01 11:57:33,844 - INFO -  * Debugger PIN: 665-842-547
2025-10-01 12:00:00,158 - INFO -  * Detected change in '/home/alex/Projects/dupepix/backend/photo_duplicates.py', reloading
2025-10-01 12:00:00,245 - INFO -  * Restarting with stat
2025-10-01 12:00:00,539 - INFO - --- Starting Flask Backend Server ---
2025-10-01 12:00:00,600 - WARNING -  * Debugger is active!
2025-10-01 12:00:00,604 - INFO -  * Debugger PIN: 665-842-547
2025-10-01 12:02:59,170 - INFO -  * Detected change in '/home/alex/Projects/dupepix/backend/photo_duplicates.py', reloading
2025-10-01 12:02:59,357 - INFO -  * Restarting with stat
2025-10-01 12:03:52,429 - INFO -  * Restarting with stat
2025-10-01 12:03:57,903 - INFO -  * Restarting with stat
